../Core/Src/exflash.c:14:16:ef_transfer	32	static
../Core/Src/exflash.c:21:6:ef_writeEnable	8	static
../Core/Src/exflash.c:28:6:ef_readid	8	static
../Core/Src/exflash.c:40:9:ef_status	16	static
../Core/Src/exflash.c:49:6:ef_ClearBlockProtectSST1	16	static
../Core/Src/exflash.c:67:6:ClearBlockProtect	16	static
../Core/Src/exflash.c:108:6:ef_ChipErase	8	static
../Core/Src/exflash.c:120:6:ef_WriteEnable	16	static
../Core/Src/exflash.c:142:6:ef_WaitForWriteEnd	16	static
../Core/Src/exflash.c:177:6:ef_WritePage	32	static
../Core/Src/exflash.c:211:6:ef_EraseSector	24	static
../Core/Src/exflash.c:246:6:ef_ReadBuffer	32	static
../Core/Src/exflash.c:278:6:ef_WriteBuffer	48	static
../Core/Src/exflash.c:358:6:ef_GlobalBlockProtectionUnlock	16	static
