../Core/Src/extflash.c:139:16:ef_transfer	32	static
../Core/Src/extflash.c:148:6:ef_writeEnable	8	static
../Core/Src/extflash.c:157:6:ef_readid	8	static
../Core/Src/extflash.c:167:9:ef_status	16	static
../Core/Src/extflash.c:176:6:ef_ClearBlockProtectSST1	16	static
../Core/Src/extflash.c:194:6:ClearBlockProtect	16	static
../Core/Src/extflash.c:235:6:ef_ChipErase	8	static
../Core/Src/extflash.c:250:6:ef_WriteEnable	16	static
../Core/Src/extflash.c:272:6:ef_WaitForWriteEnd	16	static
../Core/Src/extflash.c:307:6:ef_WritePage	32	static
../Core/Src/extflash.c:341:6:ef_EraseSector	24	static
../Core/Src/extflash.c:376:6:ef_ReadBuffer	32	static
../Core/Src/extflash.c:408:6:ef_WriteBuffer	48	static
../Core/Src/extflash.c:488:6:ef_GlobalBlockProtectionUnlock	16	static
