../aes128/aes128_test.c:24:5:test_aes	24	static
../aes128/aes128_test.c:52:13:phex	24	static
../aes128/aes128_test.c:69:13:test_encrypt_ecb_verbose	296	static
../aes128/aes128_test.c:111:12:test_encrypt_ecb	256	static
../aes128/aes128_test.c:143:12:test_decrypt_cbc	368	static
../aes128/aes128_test.c:188:12:test_encrypt_cbc	384	static
../aes128/aes128_test.c:251:12:test_encrypt_ctr	8	static
../aes128/aes128_test.c:256:12:test_decrypt_ctr	8	static
../aes128/aes128_test.c:261:12:test_xcrypt_ctr	376	static
../aes128/aes128_test.c:306:12:test_decrypt_ecb	256	static
