../Core/Src/spiflash.c:166:16:spiflash_transfer	24	static
../Core/Src/spiflash.c:173:6:spiflash_writeEnable	8	static
../Core/Src/spiflash.c:182:6:ReadFlashID	8	static
../Core/Src/spiflash.c:196:9:ReadFlashStatus	16	static
../Core/Src/spiflash.c:205:6:ClearBlockProtectSST1	16	static
../Core/Src/spiflash.c:223:6:ClearBlockProtect	16	static
../Core/Src/spiflash.c:264:6:spiflash_ChipErase	8	static
../Core/Src/spiflash.c:279:6:spiflash_WriteEnable	16	static
../Core/Src/spiflash.c:301:6:spiflash_WaitForWriteEnd	16	static
../Core/Src/spiflash.c:336:6:spiflash_WritePage	32	static
../Core/Src/spiflash.c:370:6:spiflash_EraseSector	24	static
../Core/Src/spiflash.c:405:6:spiflash_ReadBuffer	32	static
../Core/Src/spiflash.c:437:6:spiflash_WriteBuffer	48	static
../Core/Src/spiflash.c:517:6:spiflash_GlobalBlockProtectionUnlock	16	static
