../Core/Src/spiflash.c:152:6:println_hex	40	static
../Core/Src/spiflash.c:162:16:spi_transfer	24	static
../Core/Src/spiflash.c:169:6:WriteEnable	8	static
../Core/Src/spiflash.c:178:6:ReadFlashID	8	static
../Core/Src/spiflash.c:191:9:ReadFlashStatus	16	static
../Core/Src/spiflash.c:200:6:ClearBlockProtectSST1	16	static
../Core/Src/spiflash.c:218:6:ClearBlockProtect	16	static
../Core/Src/spiflash.c:261:6:ChipErase	8	static
../Core/Src/spiflash.c:276:6:sFLASH_WriteEnable	16	static
../Core/Src/spiflash.c:298:6:sFLASH_WaitForWriteEnd	16	static
../Core/Src/spiflash.c:333:6:sFLASH_WritePage	32	static
../Core/Src/spiflash.c:367:6:sFLASH_EraseSector	24	static
../Core/Src/spiflash.c:402:6:sFLASH_ReadBuffer	32	static
../Core/Src/spiflash.c:434:6:sFLASH_WriteBuffer	48	static
../Core/Src/spiflash.c:514:6:sFLASH_GlobalBlockProtectionUnlock	16	static
